Simulator report for g31_YMD_Counter
Fri Mar 14 14:41:55 2014
Quartus II Version 9.1 Build 350 03/24/2010 Service Pack 2 SJ Full Version


---------------------
; Table of Contents ;
---------------------
  1. Legal Notice
  2. Simulator Summary
  3. Simulator Settings
  4. Simulation Waveforms
  5. Coverage Summary
  6. Complete 1/0-Value Coverage
  7. Missing 1-Value Coverage
  8. Missing 0-Value Coverage
  9. Simulator INI Usage
 10. Simulator Messages



----------------
; Legal Notice ;
----------------
Copyright (C) 1991-2010 Altera Corporation
Your use of Altera Corporation's design tools, logic functions 
and other software and tools, and its AMPP partner logic 
functions, and any output files from any of the foregoing 
(including device programming or simulation files), and any 
associated documentation or information are expressly subject 
to the terms and conditions of the Altera Program License 
Subscription Agreement, Altera MegaCore Function License 
Agreement, or other applicable license agreement, including, 
without limitation, that your use is for the sole purpose of 
programming logic devices manufactured by Altera and sold by 
Altera or its authorized distributors.  Please refer to the 
applicable agreement for further details.



+--------------------------------------------+
; Simulator Summary                          ;
+-----------------------------+--------------+
; Type                        ; Value        ;
+-----------------------------+--------------+
; Simulation Start Time       ; 0 ps         ;
; Simulation End Time         ; 1.0 us       ;
; Simulation Netlist Size     ; 201 nodes    ;
; Simulation Coverage         ;      24.88 % ;
; Total Number of Transitions ; 1184         ;
; Simulation Breakpoints      ; 0            ;
; Family                      ; Cyclone II   ;
+-----------------------------+--------------+


+--------------------------------------------------------------------------------------------------------------------------------------+
; Simulator Settings                                                                                                                   ;
+--------------------------------------------------------------------------------------------+-------------------------+---------------+
; Option                                                                                     ; Setting                 ; Default Value ;
+--------------------------------------------------------------------------------------------+-------------------------+---------------+
; Simulation mode                                                                            ; Functional              ; Timing        ;
; Start time                                                                                 ; 0 ns                    ; 0 ns          ;
; Simulation results format                                                                  ; CVWF                    ;               ;
; Vector input source                                                                        ; g31_YMD_counter_sim.vwf ;               ;
; Add pins automatically to simulation output waveforms                                      ; On                      ; On            ;
; Check outputs                                                                              ; Off                     ; Off           ;
; Report simulation coverage                                                                 ; On                      ; On            ;
; Display complete 1/0 value coverage report                                                 ; On                      ; On            ;
; Display missing 1-value coverage report                                                    ; On                      ; On            ;
; Display missing 0-value coverage report                                                    ; On                      ; On            ;
; Detect setup and hold time violations                                                      ; Off                     ; Off           ;
; Detect glitches                                                                            ; Off                     ; Off           ;
; Disable timing delays in Timing Simulation                                                 ; Off                     ; Off           ;
; Generate Signal Activity File                                                              ; Off                     ; Off           ;
; Generate VCD File for PowerPlay Power Analyzer                                             ; Off                     ; Off           ;
; Group bus channels in simulation results                                                   ; Off                     ; Off           ;
; Preserve fewer signal transitions to reduce memory requirements                            ; On                      ; On            ;
; Trigger vector comparison with the specified mode                                          ; INPUT_EDGE              ; INPUT_EDGE    ;
; Disable setup and hold time violations detection in input registers of bi-directional pins ; Off                     ; Off           ;
; Overwrite Waveform Inputs With Simulation Outputs                                          ; On                      ;               ;
; Perform Glitch Filtering in Timing Simulation                                              ; Auto                    ; Auto          ;
+--------------------------------------------------------------------------------------------+-------------------------+---------------+


+----------------------+
; Simulation Waveforms ;
+----------------------+
Waveform report data cannot be output to ASCII.
Please use Quartus II to view the waveform report data.


+--------------------------------------------------------------------+
; Coverage Summary                                                   ;
+-----------------------------------------------------+--------------+
; Type                                                ; Value        ;
+-----------------------------------------------------+--------------+
; Total coverage as a percentage                      ;      24.88 % ;
; Total nodes checked                                 ; 201          ;
; Total output ports checked                          ; 201          ;
; Total output ports with complete 1/0-value coverage ; 50           ;
; Total output ports with no 1/0-value coverage       ; 147          ;
; Total output ports with no 1-value coverage         ; 147          ;
; Total output ports with no 0-value coverage         ; 151          ;
+-----------------------------------------------------+--------------+


The following table displays output ports that toggle between 1 and 0 during simulation.
+----------------------------------------------------------------------------------------------------------------------------------------------------+
; Complete 1/0-Value Coverage                                                                                                                        ;
+----------------------------------------------------------------+----------------------------------------------------------------+------------------+
; Node Name                                                      ; Output Port Name                                               ; Output Port Type ;
+----------------------------------------------------------------+----------------------------------------------------------------+------------------+
; |g31_YMD_Counter|clock                                         ; |g31_YMD_Counter|clock                                         ; out              ;
; |g31_YMD_Counter|Days[0]                                       ; |g31_YMD_Counter|Days[0]                                       ; pin_out          ;
; |g31_YMD_Counter|Days[1]                                       ; |g31_YMD_Counter|Days[1]                                       ; pin_out          ;
; |g31_YMD_Counter|Days[2]                                       ; |g31_YMD_Counter|Days[2]                                       ; pin_out          ;
; |g31_YMD_Counter|Days[3]                                       ; |g31_YMD_Counter|Days[3]                                       ; pin_out          ;
; |g31_YMD_Counter|Days[4]                                       ; |g31_YMD_Counter|Days[4]                                       ; pin_out          ;
; |g31_YMD_Counter|g31_Month_Block:month_block|process_counter~0 ; |g31_YMD_Counter|g31_Month_Block:month_block|process_counter~0 ; out0             ;
; |g31_YMD_Counter|g31_Month_Block:month_block|months_out~6      ; |g31_YMD_Counter|g31_Month_Block:month_block|months_out~6      ; out              ;
; |g31_YMD_Counter|g31_Month_Block:month_block|months_out~7      ; |g31_YMD_Counter|g31_Month_Block:month_block|months_out~7      ; out              ;
; |g31_YMD_Counter|g31_Month_Block:month_block|months_out~10     ; |g31_YMD_Counter|g31_Month_Block:month_block|months_out~10     ; out              ;
; |g31_YMD_Counter|g31_Month_Block:month_block|months_out~11     ; |g31_YMD_Counter|g31_Month_Block:month_block|months_out~11     ; out              ;
; |g31_YMD_Counter|g31_Day_Block:day_block|days_out[0]           ; |g31_YMD_Counter|g31_Day_Block:day_block|days_out[0]           ; regout           ;
; |g31_YMD_Counter|g31_Day_Block:day_block|internal_reset        ; |g31_YMD_Counter|g31_Day_Block:day_block|internal_reset        ; out0             ;
; |g31_YMD_Counter|g31_Day_Block:day_block|days_out~0            ; |g31_YMD_Counter|g31_Day_Block:day_block|days_out~0            ; out              ;
; |g31_YMD_Counter|g31_Day_Block:day_block|days_out~1            ; |g31_YMD_Counter|g31_Day_Block:day_block|days_out~1            ; out              ;
; |g31_YMD_Counter|g31_Day_Block:day_block|days_out~2            ; |g31_YMD_Counter|g31_Day_Block:day_block|days_out~2            ; out              ;
; |g31_YMD_Counter|g31_Day_Block:day_block|days_out~3            ; |g31_YMD_Counter|g31_Day_Block:day_block|days_out~3            ; out              ;
; |g31_YMD_Counter|g31_Day_Block:day_block|days_out~4            ; |g31_YMD_Counter|g31_Day_Block:day_block|days_out~4            ; out              ;
; |g31_YMD_Counter|g31_Day_Block:day_block|days_out~5            ; |g31_YMD_Counter|g31_Day_Block:day_block|days_out~5            ; out              ;
; |g31_YMD_Counter|g31_Day_Block:day_block|days_out~6            ; |g31_YMD_Counter|g31_Day_Block:day_block|days_out~6            ; out              ;
; |g31_YMD_Counter|g31_Day_Block:day_block|days_out~7            ; |g31_YMD_Counter|g31_Day_Block:day_block|days_out~7            ; out              ;
; |g31_YMD_Counter|g31_Day_Block:day_block|days_out~8            ; |g31_YMD_Counter|g31_Day_Block:day_block|days_out~8            ; out              ;
; |g31_YMD_Counter|g31_Day_Block:day_block|days_out~9            ; |g31_YMD_Counter|g31_Day_Block:day_block|days_out~9            ; out              ;
; |g31_YMD_Counter|g31_Day_Block:day_block|days_out~10           ; |g31_YMD_Counter|g31_Day_Block:day_block|days_out~10           ; out              ;
; |g31_YMD_Counter|g31_Day_Block:day_block|days_out~11           ; |g31_YMD_Counter|g31_Day_Block:day_block|days_out~11           ; out              ;
; |g31_YMD_Counter|g31_Day_Block:day_block|days_out~12           ; |g31_YMD_Counter|g31_Day_Block:day_block|days_out~12           ; out              ;
; |g31_YMD_Counter|g31_Day_Block:day_block|days_out~13           ; |g31_YMD_Counter|g31_Day_Block:day_block|days_out~13           ; out              ;
; |g31_YMD_Counter|g31_Day_Block:day_block|days_out~14           ; |g31_YMD_Counter|g31_Day_Block:day_block|days_out~14           ; out              ;
; |g31_YMD_Counter|g31_Day_Block:day_block|days_out[1]           ; |g31_YMD_Counter|g31_Day_Block:day_block|days_out[1]           ; regout           ;
; |g31_YMD_Counter|g31_Day_Block:day_block|days_out[2]           ; |g31_YMD_Counter|g31_Day_Block:day_block|days_out[2]           ; regout           ;
; |g31_YMD_Counter|g31_Day_Block:day_block|days_out[3]           ; |g31_YMD_Counter|g31_Day_Block:day_block|days_out[3]           ; regout           ;
; |g31_YMD_Counter|g31_Day_Block:day_block|days_out[4]           ; |g31_YMD_Counter|g31_Day_Block:day_block|days_out[4]           ; regout           ;
; |g31_YMD_Counter|g31_Day_Block:day_block|LessThan0~0           ; |g31_YMD_Counter|g31_Day_Block:day_block|LessThan0~0           ; out0             ;
; |g31_YMD_Counter|g31_Day_Block:day_block|LessThan0~1           ; |g31_YMD_Counter|g31_Day_Block:day_block|LessThan0~1           ; out0             ;
; |g31_YMD_Counter|g31_Day_Block:day_block|LessThan0~2           ; |g31_YMD_Counter|g31_Day_Block:day_block|LessThan0~2           ; out0             ;
; |g31_YMD_Counter|g31_Day_Block:day_block|LessThan0~3           ; |g31_YMD_Counter|g31_Day_Block:day_block|LessThan0~3           ; out0             ;
; |g31_YMD_Counter|g31_Day_Block:day_block|LessThan0~4           ; |g31_YMD_Counter|g31_Day_Block:day_block|LessThan0~4           ; out0             ;
; |g31_YMD_Counter|g31_Day_Block:day_block|LessThan0~5           ; |g31_YMD_Counter|g31_Day_Block:day_block|LessThan0~5           ; out0             ;
; |g31_YMD_Counter|g31_Day_Block:day_block|LessThan0~6           ; |g31_YMD_Counter|g31_Day_Block:day_block|LessThan0~6           ; out0             ;
; |g31_YMD_Counter|g31_Day_Block:day_block|LessThan0~7           ; |g31_YMD_Counter|g31_Day_Block:day_block|LessThan0~7           ; out0             ;
; |g31_YMD_Counter|g31_Day_Block:day_block|LessThan0~8           ; |g31_YMD_Counter|g31_Day_Block:day_block|LessThan0~8           ; out0             ;
; |g31_YMD_Counter|g31_Day_Block:day_block|LessThan0~9           ; |g31_YMD_Counter|g31_Day_Block:day_block|LessThan0~9           ; out0             ;
; |g31_YMD_Counter|g31_Day_Block:day_block|LessThan0~10          ; |g31_YMD_Counter|g31_Day_Block:day_block|LessThan0~10          ; out0             ;
; |g31_YMD_Counter|g31_Day_Block:day_block|Add0~0                ; |g31_YMD_Counter|g31_Day_Block:day_block|Add0~0                ; out0             ;
; |g31_YMD_Counter|g31_Day_Block:day_block|Add0~1                ; |g31_YMD_Counter|g31_Day_Block:day_block|Add0~1                ; out0             ;
; |g31_YMD_Counter|g31_Day_Block:day_block|Add0~2                ; |g31_YMD_Counter|g31_Day_Block:day_block|Add0~2                ; out0             ;
; |g31_YMD_Counter|g31_Day_Block:day_block|Add0~3                ; |g31_YMD_Counter|g31_Day_Block:day_block|Add0~3                ; out0             ;
; |g31_YMD_Counter|g31_Day_Block:day_block|Add0~4                ; |g31_YMD_Counter|g31_Day_Block:day_block|Add0~4                ; out0             ;
; |g31_YMD_Counter|g31_Day_Block:day_block|Add0~5                ; |g31_YMD_Counter|g31_Day_Block:day_block|Add0~5                ; out0             ;
; |g31_YMD_Counter|g31_Day_Block:day_block|Add0~6                ; |g31_YMD_Counter|g31_Day_Block:day_block|Add0~6                ; out0             ;
+----------------------------------------------------------------+----------------------------------------------------------------+------------------+


The following table displays output ports that do not toggle to 1 during simulation.
+----------------------------------------------------------------------------------------------------------------------------------------------------+
; Missing 1-Value Coverage                                                                                                                           ;
+----------------------------------------------------------------+----------------------------------------------------------------+------------------+
; Node Name                                                      ; Output Port Name                                               ; Output Port Type ;
+----------------------------------------------------------------+----------------------------------------------------------------+------------------+
; |g31_YMD_Counter|reset                                         ; |g31_YMD_Counter|reset                                         ; out              ;
; |g31_YMD_Counter|day_count_en                                  ; |g31_YMD_Counter|day_count_en                                  ; out              ;
; |g31_YMD_Counter|load_enable                                   ; |g31_YMD_Counter|load_enable                                   ; out              ;
; |g31_YMD_Counter|M_Set[0]                                      ; |g31_YMD_Counter|M_Set[0]                                      ; out              ;
; |g31_YMD_Counter|M_Set[1]                                      ; |g31_YMD_Counter|M_Set[1]                                      ; out              ;
; |g31_YMD_Counter|M_Set[2]                                      ; |g31_YMD_Counter|M_Set[2]                                      ; out              ;
; |g31_YMD_Counter|M_Set[3]                                      ; |g31_YMD_Counter|M_Set[3]                                      ; out              ;
; |g31_YMD_Counter|Y_Set[0]                                      ; |g31_YMD_Counter|Y_Set[0]                                      ; out              ;
; |g31_YMD_Counter|Y_Set[1]                                      ; |g31_YMD_Counter|Y_Set[1]                                      ; out              ;
; |g31_YMD_Counter|Y_Set[2]                                      ; |g31_YMD_Counter|Y_Set[2]                                      ; out              ;
; |g31_YMD_Counter|Y_Set[3]                                      ; |g31_YMD_Counter|Y_Set[3]                                      ; out              ;
; |g31_YMD_Counter|Y_Set[4]                                      ; |g31_YMD_Counter|Y_Set[4]                                      ; out              ;
; |g31_YMD_Counter|Y_Set[5]                                      ; |g31_YMD_Counter|Y_Set[5]                                      ; out              ;
; |g31_YMD_Counter|Y_Set[6]                                      ; |g31_YMD_Counter|Y_Set[6]                                      ; out              ;
; |g31_YMD_Counter|Y_Set[7]                                      ; |g31_YMD_Counter|Y_Set[7]                                      ; out              ;
; |g31_YMD_Counter|Y_Set[8]                                      ; |g31_YMD_Counter|Y_Set[8]                                      ; out              ;
; |g31_YMD_Counter|Y_Set[9]                                      ; |g31_YMD_Counter|Y_Set[9]                                      ; out              ;
; |g31_YMD_Counter|Y_Set[10]                                     ; |g31_YMD_Counter|Y_Set[10]                                     ; out              ;
; |g31_YMD_Counter|Y_Set[11]                                     ; |g31_YMD_Counter|Y_Set[11]                                     ; out              ;
; |g31_YMD_Counter|D_Set[0]                                      ; |g31_YMD_Counter|D_Set[0]                                      ; out              ;
; |g31_YMD_Counter|D_Set[1]                                      ; |g31_YMD_Counter|D_Set[1]                                      ; out              ;
; |g31_YMD_Counter|D_Set[2]                                      ; |g31_YMD_Counter|D_Set[2]                                      ; out              ;
; |g31_YMD_Counter|D_Set[3]                                      ; |g31_YMD_Counter|D_Set[3]                                      ; out              ;
; |g31_YMD_Counter|D_Set[4]                                      ; |g31_YMD_Counter|D_Set[4]                                      ; out              ;
; |g31_YMD_Counter|Months[1]                                     ; |g31_YMD_Counter|Months[1]                                     ; pin_out          ;
; |g31_YMD_Counter|Months[2]                                     ; |g31_YMD_Counter|Months[2]                                     ; pin_out          ;
; |g31_YMD_Counter|Months[3]                                     ; |g31_YMD_Counter|Months[3]                                     ; pin_out          ;
; |g31_YMD_Counter|Years[0]                                      ; |g31_YMD_Counter|Years[0]                                      ; pin_out          ;
; |g31_YMD_Counter|Years[1]                                      ; |g31_YMD_Counter|Years[1]                                      ; pin_out          ;
; |g31_YMD_Counter|Years[2]                                      ; |g31_YMD_Counter|Years[2]                                      ; pin_out          ;
; |g31_YMD_Counter|Years[3]                                      ; |g31_YMD_Counter|Years[3]                                      ; pin_out          ;
; |g31_YMD_Counter|Years[4]                                      ; |g31_YMD_Counter|Years[4]                                      ; pin_out          ;
; |g31_YMD_Counter|Years[5]                                      ; |g31_YMD_Counter|Years[5]                                      ; pin_out          ;
; |g31_YMD_Counter|Years[6]                                      ; |g31_YMD_Counter|Years[6]                                      ; pin_out          ;
; |g31_YMD_Counter|Years[7]                                      ; |g31_YMD_Counter|Years[7]                                      ; pin_out          ;
; |g31_YMD_Counter|Years[8]                                      ; |g31_YMD_Counter|Years[8]                                      ; pin_out          ;
; |g31_YMD_Counter|Years[9]                                      ; |g31_YMD_Counter|Years[9]                                      ; pin_out          ;
; |g31_YMD_Counter|Years[10]                                     ; |g31_YMD_Counter|Years[10]                                     ; pin_out          ;
; |g31_YMD_Counter|Years[11]                                     ; |g31_YMD_Counter|Years[11]                                     ; pin_out          ;
; |g31_YMD_Counter|g31_Year_Block:year_block|process_counter~0   ; |g31_YMD_Counter|g31_Year_Block:year_block|process_counter~0   ; out0             ;
; |g31_YMD_Counter|g31_Year_Block:year_block|years_out~0         ; |g31_YMD_Counter|g31_Year_Block:year_block|years_out~0         ; out              ;
; |g31_YMD_Counter|g31_Year_Block:year_block|years_out~1         ; |g31_YMD_Counter|g31_Year_Block:year_block|years_out~1         ; out              ;
; |g31_YMD_Counter|g31_Year_Block:year_block|years_out~2         ; |g31_YMD_Counter|g31_Year_Block:year_block|years_out~2         ; out              ;
; |g31_YMD_Counter|g31_Year_Block:year_block|years_out~3         ; |g31_YMD_Counter|g31_Year_Block:year_block|years_out~3         ; out              ;
; |g31_YMD_Counter|g31_Year_Block:year_block|years_out~4         ; |g31_YMD_Counter|g31_Year_Block:year_block|years_out~4         ; out              ;
; |g31_YMD_Counter|g31_Year_Block:year_block|years_out~5         ; |g31_YMD_Counter|g31_Year_Block:year_block|years_out~5         ; out              ;
; |g31_YMD_Counter|g31_Year_Block:year_block|years_out~6         ; |g31_YMD_Counter|g31_Year_Block:year_block|years_out~6         ; out              ;
; |g31_YMD_Counter|g31_Year_Block:year_block|years_out~7         ; |g31_YMD_Counter|g31_Year_Block:year_block|years_out~7         ; out              ;
; |g31_YMD_Counter|g31_Year_Block:year_block|years_out~8         ; |g31_YMD_Counter|g31_Year_Block:year_block|years_out~8         ; out              ;
; |g31_YMD_Counter|g31_Year_Block:year_block|years_out~9         ; |g31_YMD_Counter|g31_Year_Block:year_block|years_out~9         ; out              ;
; |g31_YMD_Counter|g31_Year_Block:year_block|years_out~10        ; |g31_YMD_Counter|g31_Year_Block:year_block|years_out~10        ; out              ;
; |g31_YMD_Counter|g31_Year_Block:year_block|years_out~11        ; |g31_YMD_Counter|g31_Year_Block:year_block|years_out~11        ; out              ;
; |g31_YMD_Counter|g31_Year_Block:year_block|years_out~12        ; |g31_YMD_Counter|g31_Year_Block:year_block|years_out~12        ; out              ;
; |g31_YMD_Counter|g31_Year_Block:year_block|years_out~13        ; |g31_YMD_Counter|g31_Year_Block:year_block|years_out~13        ; out              ;
; |g31_YMD_Counter|g31_Year_Block:year_block|years_out~14        ; |g31_YMD_Counter|g31_Year_Block:year_block|years_out~14        ; out              ;
; |g31_YMD_Counter|g31_Year_Block:year_block|years_out~15        ; |g31_YMD_Counter|g31_Year_Block:year_block|years_out~15        ; out              ;
; |g31_YMD_Counter|g31_Year_Block:year_block|years_out~16        ; |g31_YMD_Counter|g31_Year_Block:year_block|years_out~16        ; out              ;
; |g31_YMD_Counter|g31_Year_Block:year_block|years_out~17        ; |g31_YMD_Counter|g31_Year_Block:year_block|years_out~17        ; out              ;
; |g31_YMD_Counter|g31_Year_Block:year_block|years_out~18        ; |g31_YMD_Counter|g31_Year_Block:year_block|years_out~18        ; out              ;
; |g31_YMD_Counter|g31_Year_Block:year_block|years_out~19        ; |g31_YMD_Counter|g31_Year_Block:year_block|years_out~19        ; out              ;
; |g31_YMD_Counter|g31_Year_Block:year_block|years_out~20        ; |g31_YMD_Counter|g31_Year_Block:year_block|years_out~20        ; out              ;
; |g31_YMD_Counter|g31_Year_Block:year_block|years_out~21        ; |g31_YMD_Counter|g31_Year_Block:year_block|years_out~21        ; out              ;
; |g31_YMD_Counter|g31_Year_Block:year_block|years_out~22        ; |g31_YMD_Counter|g31_Year_Block:year_block|years_out~22        ; out              ;
; |g31_YMD_Counter|g31_Year_Block:year_block|years_out~23        ; |g31_YMD_Counter|g31_Year_Block:year_block|years_out~23        ; out              ;
; |g31_YMD_Counter|g31_Year_Block:year_block|years_out~24        ; |g31_YMD_Counter|g31_Year_Block:year_block|years_out~24        ; out              ;
; |g31_YMD_Counter|g31_Year_Block:year_block|years_out~25        ; |g31_YMD_Counter|g31_Year_Block:year_block|years_out~25        ; out              ;
; |g31_YMD_Counter|g31_Year_Block:year_block|years_out~26        ; |g31_YMD_Counter|g31_Year_Block:year_block|years_out~26        ; out              ;
; |g31_YMD_Counter|g31_Year_Block:year_block|years_out~27        ; |g31_YMD_Counter|g31_Year_Block:year_block|years_out~27        ; out              ;
; |g31_YMD_Counter|g31_Year_Block:year_block|years_out~28        ; |g31_YMD_Counter|g31_Year_Block:year_block|years_out~28        ; out              ;
; |g31_YMD_Counter|g31_Year_Block:year_block|years_out~29        ; |g31_YMD_Counter|g31_Year_Block:year_block|years_out~29        ; out              ;
; |g31_YMD_Counter|g31_Year_Block:year_block|years_out~30        ; |g31_YMD_Counter|g31_Year_Block:year_block|years_out~30        ; out              ;
; |g31_YMD_Counter|g31_Year_Block:year_block|years_out~31        ; |g31_YMD_Counter|g31_Year_Block:year_block|years_out~31        ; out              ;
; |g31_YMD_Counter|g31_Year_Block:year_block|years_out~32        ; |g31_YMD_Counter|g31_Year_Block:year_block|years_out~32        ; out              ;
; |g31_YMD_Counter|g31_Year_Block:year_block|years_out~33        ; |g31_YMD_Counter|g31_Year_Block:year_block|years_out~33        ; out              ;
; |g31_YMD_Counter|g31_Year_Block:year_block|years_out~34        ; |g31_YMD_Counter|g31_Year_Block:year_block|years_out~34        ; out              ;
; |g31_YMD_Counter|g31_Year_Block:year_block|years_out~35        ; |g31_YMD_Counter|g31_Year_Block:year_block|years_out~35        ; out              ;
; |g31_YMD_Counter|g31_Year_Block:year_block|years_out[0]        ; |g31_YMD_Counter|g31_Year_Block:year_block|years_out[0]        ; regout           ;
; |g31_YMD_Counter|g31_Year_Block:year_block|years_out[1]        ; |g31_YMD_Counter|g31_Year_Block:year_block|years_out[1]        ; regout           ;
; |g31_YMD_Counter|g31_Year_Block:year_block|years_out[2]        ; |g31_YMD_Counter|g31_Year_Block:year_block|years_out[2]        ; regout           ;
; |g31_YMD_Counter|g31_Year_Block:year_block|years_out[3]        ; |g31_YMD_Counter|g31_Year_Block:year_block|years_out[3]        ; regout           ;
; |g31_YMD_Counter|g31_Year_Block:year_block|years_out[4]        ; |g31_YMD_Counter|g31_Year_Block:year_block|years_out[4]        ; regout           ;
; |g31_YMD_Counter|g31_Year_Block:year_block|years_out[5]        ; |g31_YMD_Counter|g31_Year_Block:year_block|years_out[5]        ; regout           ;
; |g31_YMD_Counter|g31_Year_Block:year_block|years_out[6]        ; |g31_YMD_Counter|g31_Year_Block:year_block|years_out[6]        ; regout           ;
; |g31_YMD_Counter|g31_Year_Block:year_block|years_out[7]        ; |g31_YMD_Counter|g31_Year_Block:year_block|years_out[7]        ; regout           ;
; |g31_YMD_Counter|g31_Year_Block:year_block|years_out[8]        ; |g31_YMD_Counter|g31_Year_Block:year_block|years_out[8]        ; regout           ;
; |g31_YMD_Counter|g31_Year_Block:year_block|years_out[9]        ; |g31_YMD_Counter|g31_Year_Block:year_block|years_out[9]        ; regout           ;
; |g31_YMD_Counter|g31_Year_Block:year_block|years_out[10]       ; |g31_YMD_Counter|g31_Year_Block:year_block|years_out[10]       ; regout           ;
; |g31_YMD_Counter|g31_Year_Block:year_block|years_out[11]       ; |g31_YMD_Counter|g31_Year_Block:year_block|years_out[11]       ; regout           ;
; |g31_YMD_Counter|g31_Month_Block:month_block|months_out[1]     ; |g31_YMD_Counter|g31_Month_Block:month_block|months_out[1]     ; regout           ;
; |g31_YMD_Counter|g31_Month_Block:month_block|internal_reset    ; |g31_YMD_Counter|g31_Month_Block:month_block|internal_reset    ; out0             ;
; |g31_YMD_Counter|g31_Month_Block:month_block|process_max_day~0 ; |g31_YMD_Counter|g31_Month_Block:month_block|process_max_day~0 ; out0             ;
; |g31_YMD_Counter|g31_Month_Block:month_block|process_max_day~1 ; |g31_YMD_Counter|g31_Month_Block:month_block|process_max_day~1 ; out0             ;
; |g31_YMD_Counter|g31_Month_Block:month_block|process_max_day~2 ; |g31_YMD_Counter|g31_Month_Block:month_block|process_max_day~2 ; out0             ;
; |g31_YMD_Counter|g31_Month_Block:month_block|process_max_day~3 ; |g31_YMD_Counter|g31_Month_Block:month_block|process_max_day~3 ; out0             ;
; |g31_YMD_Counter|g31_Month_Block:month_block|process_max_day~4 ; |g31_YMD_Counter|g31_Month_Block:month_block|process_max_day~4 ; out0             ;
; |g31_YMD_Counter|g31_Month_Block:month_block|max_days_out~0    ; |g31_YMD_Counter|g31_Month_Block:month_block|max_days_out~0    ; out              ;
; |g31_YMD_Counter|g31_Month_Block:month_block|max_day_set[1]    ; |g31_YMD_Counter|g31_Month_Block:month_block|max_day_set[1]    ; out              ;
; |g31_YMD_Counter|g31_Month_Block:month_block|max_day_set[0]    ; |g31_YMD_Counter|g31_Month_Block:month_block|max_day_set[0]    ; out              ;
; |g31_YMD_Counter|g31_Month_Block:month_block|months_out~0      ; |g31_YMD_Counter|g31_Month_Block:month_block|months_out~0      ; out              ;
; |g31_YMD_Counter|g31_Month_Block:month_block|months_out~1      ; |g31_YMD_Counter|g31_Month_Block:month_block|months_out~1      ; out              ;
; |g31_YMD_Counter|g31_Month_Block:month_block|months_out~2      ; |g31_YMD_Counter|g31_Month_Block:month_block|months_out~2      ; out              ;
; |g31_YMD_Counter|g31_Month_Block:month_block|months_out~4      ; |g31_YMD_Counter|g31_Month_Block:month_block|months_out~4      ; out              ;
; |g31_YMD_Counter|g31_Month_Block:month_block|months_out~5      ; |g31_YMD_Counter|g31_Month_Block:month_block|months_out~5      ; out              ;
; |g31_YMD_Counter|g31_Month_Block:month_block|months_out~8      ; |g31_YMD_Counter|g31_Month_Block:month_block|months_out~8      ; out              ;
; |g31_YMD_Counter|g31_Month_Block:month_block|months_out~9      ; |g31_YMD_Counter|g31_Month_Block:month_block|months_out~9      ; out              ;
; |g31_YMD_Counter|g31_Month_Block:month_block|months_out[2]     ; |g31_YMD_Counter|g31_Month_Block:month_block|months_out[2]     ; regout           ;
; |g31_YMD_Counter|g31_Month_Block:month_block|months_out[3]     ; |g31_YMD_Counter|g31_Month_Block:month_block|months_out[3]     ; regout           ;
; |g31_YMD_Counter|g31_Day_Block:day_block|max_days_in~0         ; |g31_YMD_Counter|g31_Day_Block:day_block|max_days_in~0         ; out              ;
; |g31_YMD_Counter|g31_Day_Block:day_block|max_days_in[1]        ; |g31_YMD_Counter|g31_Day_Block:day_block|max_days_in[1]        ; out              ;
; |g31_YMD_Counter|g31_Day_Block:day_block|max_days_in[0]        ; |g31_YMD_Counter|g31_Day_Block:day_block|max_days_in[0]        ; out              ;
; |g31_YMD_Counter|g31_Day_Block:day_block|process_counter~0     ; |g31_YMD_Counter|g31_Day_Block:day_block|process_counter~0     ; out0             ;
; |g31_YMD_Counter|g31_Month_Block:month_block|LessThan0~0       ; |g31_YMD_Counter|g31_Month_Block:month_block|LessThan0~0       ; out0             ;
; |g31_YMD_Counter|g31_Month_Block:month_block|LessThan0~1       ; |g31_YMD_Counter|g31_Month_Block:month_block|LessThan0~1       ; out0             ;
; |g31_YMD_Counter|g31_Year_Block:year_block|Add0~0              ; |g31_YMD_Counter|g31_Year_Block:year_block|Add0~0              ; out0             ;
; |g31_YMD_Counter|g31_Year_Block:year_block|Add0~1              ; |g31_YMD_Counter|g31_Year_Block:year_block|Add0~1              ; out0             ;
; |g31_YMD_Counter|g31_Year_Block:year_block|Add0~2              ; |g31_YMD_Counter|g31_Year_Block:year_block|Add0~2              ; out0             ;
; |g31_YMD_Counter|g31_Year_Block:year_block|Add0~3              ; |g31_YMD_Counter|g31_Year_Block:year_block|Add0~3              ; out0             ;
; |g31_YMD_Counter|g31_Year_Block:year_block|Add0~4              ; |g31_YMD_Counter|g31_Year_Block:year_block|Add0~4              ; out0             ;
; |g31_YMD_Counter|g31_Year_Block:year_block|Add0~5              ; |g31_YMD_Counter|g31_Year_Block:year_block|Add0~5              ; out0             ;
; |g31_YMD_Counter|g31_Year_Block:year_block|Add0~6              ; |g31_YMD_Counter|g31_Year_Block:year_block|Add0~6              ; out0             ;
; |g31_YMD_Counter|g31_Year_Block:year_block|Add0~7              ; |g31_YMD_Counter|g31_Year_Block:year_block|Add0~7              ; out0             ;
; |g31_YMD_Counter|g31_Year_Block:year_block|Add0~8              ; |g31_YMD_Counter|g31_Year_Block:year_block|Add0~8              ; out0             ;
; |g31_YMD_Counter|g31_Year_Block:year_block|Add0~9              ; |g31_YMD_Counter|g31_Year_Block:year_block|Add0~9              ; out0             ;
; |g31_YMD_Counter|g31_Year_Block:year_block|Add0~10             ; |g31_YMD_Counter|g31_Year_Block:year_block|Add0~10             ; out0             ;
; |g31_YMD_Counter|g31_Year_Block:year_block|Add0~11             ; |g31_YMD_Counter|g31_Year_Block:year_block|Add0~11             ; out0             ;
; |g31_YMD_Counter|g31_Year_Block:year_block|Add0~12             ; |g31_YMD_Counter|g31_Year_Block:year_block|Add0~12             ; out0             ;
; |g31_YMD_Counter|g31_Year_Block:year_block|Add0~13             ; |g31_YMD_Counter|g31_Year_Block:year_block|Add0~13             ; out0             ;
; |g31_YMD_Counter|g31_Year_Block:year_block|Add0~14             ; |g31_YMD_Counter|g31_Year_Block:year_block|Add0~14             ; out0             ;
; |g31_YMD_Counter|g31_Year_Block:year_block|Add0~15             ; |g31_YMD_Counter|g31_Year_Block:year_block|Add0~15             ; out0             ;
; |g31_YMD_Counter|g31_Year_Block:year_block|Add0~16             ; |g31_YMD_Counter|g31_Year_Block:year_block|Add0~16             ; out0             ;
; |g31_YMD_Counter|g31_Year_Block:year_block|Add0~17             ; |g31_YMD_Counter|g31_Year_Block:year_block|Add0~17             ; out0             ;
; |g31_YMD_Counter|g31_Year_Block:year_block|Add0~18             ; |g31_YMD_Counter|g31_Year_Block:year_block|Add0~18             ; out0             ;
; |g31_YMD_Counter|g31_Year_Block:year_block|Add0~19             ; |g31_YMD_Counter|g31_Year_Block:year_block|Add0~19             ; out0             ;
; |g31_YMD_Counter|g31_Year_Block:year_block|Add0~20             ; |g31_YMD_Counter|g31_Year_Block:year_block|Add0~20             ; out0             ;
; |g31_YMD_Counter|g31_Month_Block:month_block|Add0~1            ; |g31_YMD_Counter|g31_Month_Block:month_block|Add0~1            ; out0             ;
; |g31_YMD_Counter|g31_Month_Block:month_block|Add0~2            ; |g31_YMD_Counter|g31_Month_Block:month_block|Add0~2            ; out0             ;
; |g31_YMD_Counter|g31_Month_Block:month_block|Add0~3            ; |g31_YMD_Counter|g31_Month_Block:month_block|Add0~3            ; out0             ;
; |g31_YMD_Counter|g31_Month_Block:month_block|Add0~4            ; |g31_YMD_Counter|g31_Month_Block:month_block|Add0~4            ; out0             ;
; |g31_YMD_Counter|g31_Year_Block:year_block|Equal0~0            ; |g31_YMD_Counter|g31_Year_Block:year_block|Equal0~0            ; out0             ;
; |g31_YMD_Counter|g31_Month_Block:month_block|Equal0~0          ; |g31_YMD_Counter|g31_Month_Block:month_block|Equal0~0          ; out0             ;
; |g31_YMD_Counter|g31_Month_Block:month_block|Equal1~0          ; |g31_YMD_Counter|g31_Month_Block:month_block|Equal1~0          ; out0             ;
; |g31_YMD_Counter|g31_Month_Block:month_block|Equal2~0          ; |g31_YMD_Counter|g31_Month_Block:month_block|Equal2~0          ; out0             ;
; |g31_YMD_Counter|g31_Month_Block:month_block|Equal3~0          ; |g31_YMD_Counter|g31_Month_Block:month_block|Equal3~0          ; out0             ;
; |g31_YMD_Counter|g31_Month_Block:month_block|Equal4~0          ; |g31_YMD_Counter|g31_Month_Block:month_block|Equal4~0          ; out0             ;
; |g31_YMD_Counter|g31_Day_Block:day_block|Equal0~0              ; |g31_YMD_Counter|g31_Day_Block:day_block|Equal0~0              ; out0             ;
; |g31_YMD_Counter|g31_Day_Block:day_block|Equal1~0              ; |g31_YMD_Counter|g31_Day_Block:day_block|Equal1~0              ; out0             ;
; |g31_YMD_Counter|g31_Day_Block:day_block|Equal2~0              ; |g31_YMD_Counter|g31_Day_Block:day_block|Equal2~0              ; out0             ;
+----------------------------------------------------------------+----------------------------------------------------------------+------------------+


The following table displays output ports that do not toggle to 0 during simulation.
+----------------------------------------------------------------------------------------------------------------------------------------------------+
; Missing 0-Value Coverage                                                                                                                           ;
+----------------------------------------------------------------+----------------------------------------------------------------+------------------+
; Node Name                                                      ; Output Port Name                                               ; Output Port Type ;
+----------------------------------------------------------------+----------------------------------------------------------------+------------------+
; |g31_YMD_Counter|reset                                         ; |g31_YMD_Counter|reset                                         ; out              ;
; |g31_YMD_Counter|day_count_en                                  ; |g31_YMD_Counter|day_count_en                                  ; out              ;
; |g31_YMD_Counter|load_enable                                   ; |g31_YMD_Counter|load_enable                                   ; out              ;
; |g31_YMD_Counter|M_Set[0]                                      ; |g31_YMD_Counter|M_Set[0]                                      ; out              ;
; |g31_YMD_Counter|M_Set[1]                                      ; |g31_YMD_Counter|M_Set[1]                                      ; out              ;
; |g31_YMD_Counter|M_Set[2]                                      ; |g31_YMD_Counter|M_Set[2]                                      ; out              ;
; |g31_YMD_Counter|M_Set[3]                                      ; |g31_YMD_Counter|M_Set[3]                                      ; out              ;
; |g31_YMD_Counter|Y_Set[0]                                      ; |g31_YMD_Counter|Y_Set[0]                                      ; out              ;
; |g31_YMD_Counter|Y_Set[1]                                      ; |g31_YMD_Counter|Y_Set[1]                                      ; out              ;
; |g31_YMD_Counter|Y_Set[2]                                      ; |g31_YMD_Counter|Y_Set[2]                                      ; out              ;
; |g31_YMD_Counter|Y_Set[3]                                      ; |g31_YMD_Counter|Y_Set[3]                                      ; out              ;
; |g31_YMD_Counter|Y_Set[4]                                      ; |g31_YMD_Counter|Y_Set[4]                                      ; out              ;
; |g31_YMD_Counter|Y_Set[5]                                      ; |g31_YMD_Counter|Y_Set[5]                                      ; out              ;
; |g31_YMD_Counter|Y_Set[6]                                      ; |g31_YMD_Counter|Y_Set[6]                                      ; out              ;
; |g31_YMD_Counter|Y_Set[7]                                      ; |g31_YMD_Counter|Y_Set[7]                                      ; out              ;
; |g31_YMD_Counter|Y_Set[8]                                      ; |g31_YMD_Counter|Y_Set[8]                                      ; out              ;
; |g31_YMD_Counter|Y_Set[9]                                      ; |g31_YMD_Counter|Y_Set[9]                                      ; out              ;
; |g31_YMD_Counter|Y_Set[10]                                     ; |g31_YMD_Counter|Y_Set[10]                                     ; out              ;
; |g31_YMD_Counter|Y_Set[11]                                     ; |g31_YMD_Counter|Y_Set[11]                                     ; out              ;
; |g31_YMD_Counter|D_Set[0]                                      ; |g31_YMD_Counter|D_Set[0]                                      ; out              ;
; |g31_YMD_Counter|D_Set[1]                                      ; |g31_YMD_Counter|D_Set[1]                                      ; out              ;
; |g31_YMD_Counter|D_Set[2]                                      ; |g31_YMD_Counter|D_Set[2]                                      ; out              ;
; |g31_YMD_Counter|D_Set[3]                                      ; |g31_YMD_Counter|D_Set[3]                                      ; out              ;
; |g31_YMD_Counter|D_Set[4]                                      ; |g31_YMD_Counter|D_Set[4]                                      ; out              ;
; |g31_YMD_Counter|Months[0]                                     ; |g31_YMD_Counter|Months[0]                                     ; pin_out          ;
; |g31_YMD_Counter|Months[1]                                     ; |g31_YMD_Counter|Months[1]                                     ; pin_out          ;
; |g31_YMD_Counter|Months[2]                                     ; |g31_YMD_Counter|Months[2]                                     ; pin_out          ;
; |g31_YMD_Counter|Months[3]                                     ; |g31_YMD_Counter|Months[3]                                     ; pin_out          ;
; |g31_YMD_Counter|Years[0]                                      ; |g31_YMD_Counter|Years[0]                                      ; pin_out          ;
; |g31_YMD_Counter|Years[1]                                      ; |g31_YMD_Counter|Years[1]                                      ; pin_out          ;
; |g31_YMD_Counter|Years[2]                                      ; |g31_YMD_Counter|Years[2]                                      ; pin_out          ;
; |g31_YMD_Counter|Years[3]                                      ; |g31_YMD_Counter|Years[3]                                      ; pin_out          ;
; |g31_YMD_Counter|Years[4]                                      ; |g31_YMD_Counter|Years[4]                                      ; pin_out          ;
; |g31_YMD_Counter|Years[5]                                      ; |g31_YMD_Counter|Years[5]                                      ; pin_out          ;
; |g31_YMD_Counter|Years[6]                                      ; |g31_YMD_Counter|Years[6]                                      ; pin_out          ;
; |g31_YMD_Counter|Years[7]                                      ; |g31_YMD_Counter|Years[7]                                      ; pin_out          ;
; |g31_YMD_Counter|Years[8]                                      ; |g31_YMD_Counter|Years[8]                                      ; pin_out          ;
; |g31_YMD_Counter|Years[9]                                      ; |g31_YMD_Counter|Years[9]                                      ; pin_out          ;
; |g31_YMD_Counter|Years[10]                                     ; |g31_YMD_Counter|Years[10]                                     ; pin_out          ;
; |g31_YMD_Counter|Years[11]                                     ; |g31_YMD_Counter|Years[11]                                     ; pin_out          ;
; |g31_YMD_Counter|g31_Year_Block:year_block|process_counter~0   ; |g31_YMD_Counter|g31_Year_Block:year_block|process_counter~0   ; out0             ;
; |g31_YMD_Counter|g31_Year_Block:year_block|years_out~0         ; |g31_YMD_Counter|g31_Year_Block:year_block|years_out~0         ; out              ;
; |g31_YMD_Counter|g31_Year_Block:year_block|years_out~1         ; |g31_YMD_Counter|g31_Year_Block:year_block|years_out~1         ; out              ;
; |g31_YMD_Counter|g31_Year_Block:year_block|years_out~2         ; |g31_YMD_Counter|g31_Year_Block:year_block|years_out~2         ; out              ;
; |g31_YMD_Counter|g31_Year_Block:year_block|years_out~3         ; |g31_YMD_Counter|g31_Year_Block:year_block|years_out~3         ; out              ;
; |g31_YMD_Counter|g31_Year_Block:year_block|years_out~4         ; |g31_YMD_Counter|g31_Year_Block:year_block|years_out~4         ; out              ;
; |g31_YMD_Counter|g31_Year_Block:year_block|years_out~5         ; |g31_YMD_Counter|g31_Year_Block:year_block|years_out~5         ; out              ;
; |g31_YMD_Counter|g31_Year_Block:year_block|years_out~6         ; |g31_YMD_Counter|g31_Year_Block:year_block|years_out~6         ; out              ;
; |g31_YMD_Counter|g31_Year_Block:year_block|years_out~7         ; |g31_YMD_Counter|g31_Year_Block:year_block|years_out~7         ; out              ;
; |g31_YMD_Counter|g31_Year_Block:year_block|years_out~8         ; |g31_YMD_Counter|g31_Year_Block:year_block|years_out~8         ; out              ;
; |g31_YMD_Counter|g31_Year_Block:year_block|years_out~9         ; |g31_YMD_Counter|g31_Year_Block:year_block|years_out~9         ; out              ;
; |g31_YMD_Counter|g31_Year_Block:year_block|years_out~10        ; |g31_YMD_Counter|g31_Year_Block:year_block|years_out~10        ; out              ;
; |g31_YMD_Counter|g31_Year_Block:year_block|years_out~11        ; |g31_YMD_Counter|g31_Year_Block:year_block|years_out~11        ; out              ;
; |g31_YMD_Counter|g31_Year_Block:year_block|years_out~12        ; |g31_YMD_Counter|g31_Year_Block:year_block|years_out~12        ; out              ;
; |g31_YMD_Counter|g31_Year_Block:year_block|years_out~13        ; |g31_YMD_Counter|g31_Year_Block:year_block|years_out~13        ; out              ;
; |g31_YMD_Counter|g31_Year_Block:year_block|years_out~14        ; |g31_YMD_Counter|g31_Year_Block:year_block|years_out~14        ; out              ;
; |g31_YMD_Counter|g31_Year_Block:year_block|years_out~15        ; |g31_YMD_Counter|g31_Year_Block:year_block|years_out~15        ; out              ;
; |g31_YMD_Counter|g31_Year_Block:year_block|years_out~16        ; |g31_YMD_Counter|g31_Year_Block:year_block|years_out~16        ; out              ;
; |g31_YMD_Counter|g31_Year_Block:year_block|years_out~17        ; |g31_YMD_Counter|g31_Year_Block:year_block|years_out~17        ; out              ;
; |g31_YMD_Counter|g31_Year_Block:year_block|years_out~18        ; |g31_YMD_Counter|g31_Year_Block:year_block|years_out~18        ; out              ;
; |g31_YMD_Counter|g31_Year_Block:year_block|years_out~19        ; |g31_YMD_Counter|g31_Year_Block:year_block|years_out~19        ; out              ;
; |g31_YMD_Counter|g31_Year_Block:year_block|years_out~20        ; |g31_YMD_Counter|g31_Year_Block:year_block|years_out~20        ; out              ;
; |g31_YMD_Counter|g31_Year_Block:year_block|years_out~21        ; |g31_YMD_Counter|g31_Year_Block:year_block|years_out~21        ; out              ;
; |g31_YMD_Counter|g31_Year_Block:year_block|years_out~22        ; |g31_YMD_Counter|g31_Year_Block:year_block|years_out~22        ; out              ;
; |g31_YMD_Counter|g31_Year_Block:year_block|years_out~23        ; |g31_YMD_Counter|g31_Year_Block:year_block|years_out~23        ; out              ;
; |g31_YMD_Counter|g31_Year_Block:year_block|years_out~24        ; |g31_YMD_Counter|g31_Year_Block:year_block|years_out~24        ; out              ;
; |g31_YMD_Counter|g31_Year_Block:year_block|years_out~25        ; |g31_YMD_Counter|g31_Year_Block:year_block|years_out~25        ; out              ;
; |g31_YMD_Counter|g31_Year_Block:year_block|years_out~26        ; |g31_YMD_Counter|g31_Year_Block:year_block|years_out~26        ; out              ;
; |g31_YMD_Counter|g31_Year_Block:year_block|years_out~27        ; |g31_YMD_Counter|g31_Year_Block:year_block|years_out~27        ; out              ;
; |g31_YMD_Counter|g31_Year_Block:year_block|years_out~28        ; |g31_YMD_Counter|g31_Year_Block:year_block|years_out~28        ; out              ;
; |g31_YMD_Counter|g31_Year_Block:year_block|years_out~29        ; |g31_YMD_Counter|g31_Year_Block:year_block|years_out~29        ; out              ;
; |g31_YMD_Counter|g31_Year_Block:year_block|years_out~30        ; |g31_YMD_Counter|g31_Year_Block:year_block|years_out~30        ; out              ;
; |g31_YMD_Counter|g31_Year_Block:year_block|years_out~31        ; |g31_YMD_Counter|g31_Year_Block:year_block|years_out~31        ; out              ;
; |g31_YMD_Counter|g31_Year_Block:year_block|years_out~32        ; |g31_YMD_Counter|g31_Year_Block:year_block|years_out~32        ; out              ;
; |g31_YMD_Counter|g31_Year_Block:year_block|years_out~33        ; |g31_YMD_Counter|g31_Year_Block:year_block|years_out~33        ; out              ;
; |g31_YMD_Counter|g31_Year_Block:year_block|years_out~34        ; |g31_YMD_Counter|g31_Year_Block:year_block|years_out~34        ; out              ;
; |g31_YMD_Counter|g31_Year_Block:year_block|years_out~35        ; |g31_YMD_Counter|g31_Year_Block:year_block|years_out~35        ; out              ;
; |g31_YMD_Counter|g31_Year_Block:year_block|years_out[0]        ; |g31_YMD_Counter|g31_Year_Block:year_block|years_out[0]        ; regout           ;
; |g31_YMD_Counter|g31_Year_Block:year_block|years_out[1]        ; |g31_YMD_Counter|g31_Year_Block:year_block|years_out[1]        ; regout           ;
; |g31_YMD_Counter|g31_Year_Block:year_block|years_out[2]        ; |g31_YMD_Counter|g31_Year_Block:year_block|years_out[2]        ; regout           ;
; |g31_YMD_Counter|g31_Year_Block:year_block|years_out[3]        ; |g31_YMD_Counter|g31_Year_Block:year_block|years_out[3]        ; regout           ;
; |g31_YMD_Counter|g31_Year_Block:year_block|years_out[4]        ; |g31_YMD_Counter|g31_Year_Block:year_block|years_out[4]        ; regout           ;
; |g31_YMD_Counter|g31_Year_Block:year_block|years_out[5]        ; |g31_YMD_Counter|g31_Year_Block:year_block|years_out[5]        ; regout           ;
; |g31_YMD_Counter|g31_Year_Block:year_block|years_out[6]        ; |g31_YMD_Counter|g31_Year_Block:year_block|years_out[6]        ; regout           ;
; |g31_YMD_Counter|g31_Year_Block:year_block|years_out[7]        ; |g31_YMD_Counter|g31_Year_Block:year_block|years_out[7]        ; regout           ;
; |g31_YMD_Counter|g31_Year_Block:year_block|years_out[8]        ; |g31_YMD_Counter|g31_Year_Block:year_block|years_out[8]        ; regout           ;
; |g31_YMD_Counter|g31_Year_Block:year_block|years_out[9]        ; |g31_YMD_Counter|g31_Year_Block:year_block|years_out[9]        ; regout           ;
; |g31_YMD_Counter|g31_Year_Block:year_block|years_out[10]       ; |g31_YMD_Counter|g31_Year_Block:year_block|years_out[10]       ; regout           ;
; |g31_YMD_Counter|g31_Year_Block:year_block|years_out[11]       ; |g31_YMD_Counter|g31_Year_Block:year_block|years_out[11]       ; regout           ;
; |g31_YMD_Counter|g31_Month_Block:month_block|months_out[1]     ; |g31_YMD_Counter|g31_Month_Block:month_block|months_out[1]     ; regout           ;
; |g31_YMD_Counter|g31_Month_Block:month_block|internal_reset    ; |g31_YMD_Counter|g31_Month_Block:month_block|internal_reset    ; out0             ;
; |g31_YMD_Counter|g31_Month_Block:month_block|process_max_day~0 ; |g31_YMD_Counter|g31_Month_Block:month_block|process_max_day~0 ; out0             ;
; |g31_YMD_Counter|g31_Month_Block:month_block|process_max_day~1 ; |g31_YMD_Counter|g31_Month_Block:month_block|process_max_day~1 ; out0             ;
; |g31_YMD_Counter|g31_Month_Block:month_block|process_max_day~2 ; |g31_YMD_Counter|g31_Month_Block:month_block|process_max_day~2 ; out0             ;
; |g31_YMD_Counter|g31_Month_Block:month_block|process_max_day~3 ; |g31_YMD_Counter|g31_Month_Block:month_block|process_max_day~3 ; out0             ;
; |g31_YMD_Counter|g31_Month_Block:month_block|months_out[0]     ; |g31_YMD_Counter|g31_Month_Block:month_block|months_out[0]     ; regout           ;
; |g31_YMD_Counter|g31_Month_Block:month_block|process_max_day~4 ; |g31_YMD_Counter|g31_Month_Block:month_block|process_max_day~4 ; out0             ;
; |g31_YMD_Counter|g31_Month_Block:month_block|max_days_out~0    ; |g31_YMD_Counter|g31_Month_Block:month_block|max_days_out~0    ; out              ;
; |g31_YMD_Counter|g31_Month_Block:month_block|max_day_set[1]    ; |g31_YMD_Counter|g31_Month_Block:month_block|max_day_set[1]    ; out              ;
; |g31_YMD_Counter|g31_Month_Block:month_block|max_day_set[0]    ; |g31_YMD_Counter|g31_Month_Block:month_block|max_day_set[0]    ; out              ;
; |g31_YMD_Counter|g31_Month_Block:month_block|months_out~0      ; |g31_YMD_Counter|g31_Month_Block:month_block|months_out~0      ; out              ;
; |g31_YMD_Counter|g31_Month_Block:month_block|months_out~1      ; |g31_YMD_Counter|g31_Month_Block:month_block|months_out~1      ; out              ;
; |g31_YMD_Counter|g31_Month_Block:month_block|months_out~2      ; |g31_YMD_Counter|g31_Month_Block:month_block|months_out~2      ; out              ;
; |g31_YMD_Counter|g31_Month_Block:month_block|months_out~3      ; |g31_YMD_Counter|g31_Month_Block:month_block|months_out~3      ; out              ;
; |g31_YMD_Counter|g31_Month_Block:month_block|months_out~4      ; |g31_YMD_Counter|g31_Month_Block:month_block|months_out~4      ; out              ;
; |g31_YMD_Counter|g31_Month_Block:month_block|months_out~5      ; |g31_YMD_Counter|g31_Month_Block:month_block|months_out~5      ; out              ;
; |g31_YMD_Counter|g31_Month_Block:month_block|months_out~8      ; |g31_YMD_Counter|g31_Month_Block:month_block|months_out~8      ; out              ;
; |g31_YMD_Counter|g31_Month_Block:month_block|months_out~9      ; |g31_YMD_Counter|g31_Month_Block:month_block|months_out~9      ; out              ;
; |g31_YMD_Counter|g31_Month_Block:month_block|months_out[2]     ; |g31_YMD_Counter|g31_Month_Block:month_block|months_out[2]     ; regout           ;
; |g31_YMD_Counter|g31_Month_Block:month_block|months_out[3]     ; |g31_YMD_Counter|g31_Month_Block:month_block|months_out[3]     ; regout           ;
; |g31_YMD_Counter|g31_Day_Block:day_block|max_days_in~0         ; |g31_YMD_Counter|g31_Day_Block:day_block|max_days_in~0         ; out              ;
; |g31_YMD_Counter|g31_Day_Block:day_block|max_days_in[1]        ; |g31_YMD_Counter|g31_Day_Block:day_block|max_days_in[1]        ; out              ;
; |g31_YMD_Counter|g31_Day_Block:day_block|max_days_in[0]        ; |g31_YMD_Counter|g31_Day_Block:day_block|max_days_in[0]        ; out              ;
; |g31_YMD_Counter|g31_Day_Block:day_block|process_counter~0     ; |g31_YMD_Counter|g31_Day_Block:day_block|process_counter~0     ; out0             ;
; |g31_YMD_Counter|g31_Month_Block:month_block|LessThan0~0       ; |g31_YMD_Counter|g31_Month_Block:month_block|LessThan0~0       ; out0             ;
; |g31_YMD_Counter|g31_Month_Block:month_block|LessThan0~1       ; |g31_YMD_Counter|g31_Month_Block:month_block|LessThan0~1       ; out0             ;
; |g31_YMD_Counter|g31_Year_Block:year_block|Add0~0              ; |g31_YMD_Counter|g31_Year_Block:year_block|Add0~0              ; out0             ;
; |g31_YMD_Counter|g31_Year_Block:year_block|Add0~1              ; |g31_YMD_Counter|g31_Year_Block:year_block|Add0~1              ; out0             ;
; |g31_YMD_Counter|g31_Year_Block:year_block|Add0~2              ; |g31_YMD_Counter|g31_Year_Block:year_block|Add0~2              ; out0             ;
; |g31_YMD_Counter|g31_Year_Block:year_block|Add0~3              ; |g31_YMD_Counter|g31_Year_Block:year_block|Add0~3              ; out0             ;
; |g31_YMD_Counter|g31_Year_Block:year_block|Add0~4              ; |g31_YMD_Counter|g31_Year_Block:year_block|Add0~4              ; out0             ;
; |g31_YMD_Counter|g31_Year_Block:year_block|Add0~5              ; |g31_YMD_Counter|g31_Year_Block:year_block|Add0~5              ; out0             ;
; |g31_YMD_Counter|g31_Year_Block:year_block|Add0~6              ; |g31_YMD_Counter|g31_Year_Block:year_block|Add0~6              ; out0             ;
; |g31_YMD_Counter|g31_Year_Block:year_block|Add0~7              ; |g31_YMD_Counter|g31_Year_Block:year_block|Add0~7              ; out0             ;
; |g31_YMD_Counter|g31_Year_Block:year_block|Add0~8              ; |g31_YMD_Counter|g31_Year_Block:year_block|Add0~8              ; out0             ;
; |g31_YMD_Counter|g31_Year_Block:year_block|Add0~9              ; |g31_YMD_Counter|g31_Year_Block:year_block|Add0~9              ; out0             ;
; |g31_YMD_Counter|g31_Year_Block:year_block|Add0~10             ; |g31_YMD_Counter|g31_Year_Block:year_block|Add0~10             ; out0             ;
; |g31_YMD_Counter|g31_Year_Block:year_block|Add0~11             ; |g31_YMD_Counter|g31_Year_Block:year_block|Add0~11             ; out0             ;
; |g31_YMD_Counter|g31_Year_Block:year_block|Add0~12             ; |g31_YMD_Counter|g31_Year_Block:year_block|Add0~12             ; out0             ;
; |g31_YMD_Counter|g31_Year_Block:year_block|Add0~13             ; |g31_YMD_Counter|g31_Year_Block:year_block|Add0~13             ; out0             ;
; |g31_YMD_Counter|g31_Year_Block:year_block|Add0~14             ; |g31_YMD_Counter|g31_Year_Block:year_block|Add0~14             ; out0             ;
; |g31_YMD_Counter|g31_Year_Block:year_block|Add0~15             ; |g31_YMD_Counter|g31_Year_Block:year_block|Add0~15             ; out0             ;
; |g31_YMD_Counter|g31_Year_Block:year_block|Add0~16             ; |g31_YMD_Counter|g31_Year_Block:year_block|Add0~16             ; out0             ;
; |g31_YMD_Counter|g31_Year_Block:year_block|Add0~17             ; |g31_YMD_Counter|g31_Year_Block:year_block|Add0~17             ; out0             ;
; |g31_YMD_Counter|g31_Year_Block:year_block|Add0~18             ; |g31_YMD_Counter|g31_Year_Block:year_block|Add0~18             ; out0             ;
; |g31_YMD_Counter|g31_Year_Block:year_block|Add0~19             ; |g31_YMD_Counter|g31_Year_Block:year_block|Add0~19             ; out0             ;
; |g31_YMD_Counter|g31_Year_Block:year_block|Add0~20             ; |g31_YMD_Counter|g31_Year_Block:year_block|Add0~20             ; out0             ;
; |g31_YMD_Counter|g31_Month_Block:month_block|Add0~0            ; |g31_YMD_Counter|g31_Month_Block:month_block|Add0~0            ; out0             ;
; |g31_YMD_Counter|g31_Month_Block:month_block|Add0~1            ; |g31_YMD_Counter|g31_Month_Block:month_block|Add0~1            ; out0             ;
; |g31_YMD_Counter|g31_Month_Block:month_block|Add0~2            ; |g31_YMD_Counter|g31_Month_Block:month_block|Add0~2            ; out0             ;
; |g31_YMD_Counter|g31_Month_Block:month_block|Add0~3            ; |g31_YMD_Counter|g31_Month_Block:month_block|Add0~3            ; out0             ;
; |g31_YMD_Counter|g31_Month_Block:month_block|Add0~4            ; |g31_YMD_Counter|g31_Month_Block:month_block|Add0~4            ; out0             ;
; |g31_YMD_Counter|g31_Year_Block:year_block|Equal0~0            ; |g31_YMD_Counter|g31_Year_Block:year_block|Equal0~0            ; out0             ;
; |g31_YMD_Counter|g31_Month_Block:month_block|Equal0~0          ; |g31_YMD_Counter|g31_Month_Block:month_block|Equal0~0          ; out0             ;
; |g31_YMD_Counter|g31_Month_Block:month_block|Equal1~0          ; |g31_YMD_Counter|g31_Month_Block:month_block|Equal1~0          ; out0             ;
; |g31_YMD_Counter|g31_Month_Block:month_block|Equal2~0          ; |g31_YMD_Counter|g31_Month_Block:month_block|Equal2~0          ; out0             ;
; |g31_YMD_Counter|g31_Month_Block:month_block|Equal3~0          ; |g31_YMD_Counter|g31_Month_Block:month_block|Equal3~0          ; out0             ;
; |g31_YMD_Counter|g31_Month_Block:month_block|Equal4~0          ; |g31_YMD_Counter|g31_Month_Block:month_block|Equal4~0          ; out0             ;
; |g31_YMD_Counter|g31_Day_Block:day_block|Equal0~0              ; |g31_YMD_Counter|g31_Day_Block:day_block|Equal0~0              ; out0             ;
; |g31_YMD_Counter|g31_Day_Block:day_block|Equal1~0              ; |g31_YMD_Counter|g31_Day_Block:day_block|Equal1~0              ; out0             ;
; |g31_YMD_Counter|g31_Day_Block:day_block|Equal2~0              ; |g31_YMD_Counter|g31_Day_Block:day_block|Equal2~0              ; out0             ;
+----------------------------------------------------------------+----------------------------------------------------------------+------------------+


+---------------------+
; Simulator INI Usage ;
+--------+------------+
; Option ; Usage      ;
+--------+------------+


+--------------------+
; Simulator Messages ;
+--------------------+
Info: *******************************************************************
Info: Running Quartus II Simulator
    Info: Version 9.1 Build 350 03/24/2010 Service Pack 2 SJ Full Version
    Info: Processing started: Fri Mar 14 14:41:54 2014
Info: Command: quartus_sim --read_settings_files=on --write_settings_files=off g31_YMD_Counter -c g31_YMD_Counter
Info: Using vector source file "C:/altera/g31/Lab4.1/g31_YMD_counter_sim.vwf"
Info: Overwriting simulation input file with simulation results
    Info: A backup of g31_YMD_counter_sim.vwf called g31_YMD_Counter.sim_ori.vwf has been created in the db folder
Info: Option to preserve fewer signal transitions to reduce memory requirements is enabled
    Info: Simulation has been partitioned into sub-simulations according to the maximum transition count determined by the engine. Transitions from memory will be flushed out to disk at the end of each sub-simulation to reduce memory requirements.
Info: Simulation partitioned into 1 sub-simulations
Info: Simulation coverage is      24.88 %
Info: Number of transitions in simulation is 1184
Info: Vector file g31_YMD_counter_sim.vwf is saved in VWF text format. You can compress it into CVWF format in order to reduce file size. For more details please refer to the Quartus II Help.
Info: Quartus II Simulator was successful. 0 errors, 1 warning
    Info: Peak virtual memory: 148 megabytes
    Info: Processing ended: Fri Mar 14 14:41:58 2014
    Info: Elapsed time: 00:00:04
    Info: Total CPU time (on all processors): 00:00:00


