--------------------------------------------------------------------------------------
Timing Analyzer Summary
--------------------------------------------------------------------------------------

Type           : Worst-case tsu
Slack          : N/A
Required Time  : None
Actual Time    : 8.598 ns
From           : reset
To             : g31_time_counter:counter1|lpm_counter:seecCounter|cntr_bpk:auto_generated|safe_q[3]
From Clock     : --
To Clock       : clock
Failed Paths   : 0

Type           : Worst-case tco
Slack          : N/A
Required Time  : None
Actual Time    : 16.730 ns
From           : g31_time_counter:counter1|lpm_counter:tenCounter|cntr_bpk:auto_generated|safe_q[0]
To             : eOneSeg[2]
From Clock     : clock
To Clock       : --
Failed Paths   : 0

Type           : Worst-case th
Slack          : N/A
Required Time  : None
Actual Time    : -0.776 ns
From           : enable
To             : g31_basic_timer:timer|lpm_counter:counter2|cntr_cfl:auto_generated|safe_q[18]
From Clock     : --
To Clock       : clock
Failed Paths   : 0

Type           : Clock Setup: 'clock'
Slack          : N/A
Required Time  : None
Actual Time    : 133.85 MHz ( period = 7.471 ns )
From           : g31_basic_timer:timer|lpm_counter:counter|cntr_cfl:auto_generated|safe_q[12]
To             : g31_basic_timer:timer|lpm_counter:counter|cntr_cfl:auto_generated|safe_q[19]
From Clock     : clock
To Clock       : clock
Failed Paths   : 0

Type           : Total number of failed paths
Slack          : 
Required Time  : 
Actual Time    : 
From           : 
To             : 
From Clock     : 
To Clock       : 
Failed Paths   : 0

--------------------------------------------------------------------------------------

